main.c:163:19:LSM6DSL_SET_IF_INC	40	static
main.c:183:19:LSM6DSL_SET_BDU	40	static
main.c:203:19:LSM6DSL_SET_FIFO_MODE	40	static
main.c:223:19:LSM6DSL_SET_ODR_XL	40	static
main.c:243:19:LSM6DSL_SET_FS_XL	40	static
main.c:263:19:LSM6DSL_SET_ODR_G	40	static
main.c:285:19:LSM6DSL_SET_FS_125	40	static
main.c:305:19:LSM6DSL_SET_FS_G	40	static
main.c:326:19:LSM6DSL_GET_RAW_ACCELEROMETER	48	static
main.c:345:19:CONFIGURE_I2C_SENSOR	8	static
main.c:394:19:READ_ACCELEROMETER	32	static
main.c:412:5:_write	24	static
main.c:424:5:main	288	static
main.c:492:6:SystemClock_Config	96	static
main.c:535:13:MX_I2C2_Init	8	static
main.c:581:13:MX_TIM2_Init	64	static
main.c:640:13:MX_USART1_UART_Init	8	static
main.c:675:13:MX_GPIO_Init	40	static
main.c:709:6:Error_Handler	4	static,ignoring_inline_asm
